#-----------------------------------------------------------
# Vivado v2015.4 (64-bit)
# SW Build 1412921 on Wed Nov 18 09:43:45 MST 2015
# IP Build 1412160 on Tue Nov 17 13:47:24 MST 2015
# Start of session at: Mon Apr 29 17:31:18 2019
# Process ID: 14280
# Current directory: C:/Users/alejandroe/Desktop/project_1/project_1
# Command line: vivado.exe -gui_launcher_event rodinguilauncherevent15152 C:\Users\alejandroe\Desktop\project_1\project_1\project_1.xpr
# Log file: C:/Users/alejandroe/Desktop/project_1/project_1/vivado.log
# Journal file: C:/Users/alejandroe/Desktop/project_1/project_1\vivado.jou
#-----------------------------------------------------------
start_gui
open_project C:/Users/alejandroe/Desktop/project_1/project_1/project_1.xpr
file mkdir C:/Users/alejandroe/Desktop/project_1/project_1/project_1.srcs/constrs_1
file mkdir C:/Users/alejandroe/Desktop/project_1/project_1/project_1.srcs/constrs_1/new
close [ open C:/Users/alejandroe/Desktop/project_1/project_1/project_1.srcs/constrs_1/new/Nexys4DDR_Master.xdc w ]
add_files -fileset constrs_1 C:/Users/alejandroe/Desktop/project_1/project_1/project_1.srcs/constrs_1/new/Nexys4DDR_Master.xdc
remove_files -fileset constrs_1 C:/Users/alejandroe/Downloads/Nexys4DDR_Master.xdc
